{"type":"t","name":"res","state":"d","owner":"o","lastupdate":"2006-01-02T15:04:05Z","userdata":{}}